---
source: crates/ruff_python_parser/tests/fixtures.rs
input_file: crates/ruff_python_parser/resources/valid/expressions/set.py
---
## AST

```
Module(
    ModModule {
        range: 0..268,
        body: [
            Expr(
                StmtExpr {
                    range: 14..16,
                    value: Dict(
                        ExprDict {
                            range: 14..16,
                            keys: [],
                            values: [],
                        },
                    ),
                },
            ),
            Expr(
                StmtExpr {
                    range: 17..20,
                    value: Set(
                        ExprSet {
                            range: 17..20,
                            elts: [
                                NumberLiteral(
                                    ExprNumberLiteral {
                                        range: 18..19,
                                        value: Int(
                                            1,
                                        ),
                                    },
                                ),
                            ],
                        },
                    ),
                },
            ),
            Expr(
                StmtExpr {
                    range: 21..25,
                    value: Set(
                        ExprSet {
                            range: 21..25,
                            elts: [
                                NumberLiteral(
                                    ExprNumberLiteral {
                                        range: 22..23,
                                        value: Int(
                                            1,
                                        ),
                                    },
                                ),
                            ],
                        },
                    ),
                },
            ),
            Expr(
                StmtExpr {
                    range: 26..35,
                    value: Set(
                        ExprSet {
                            range: 26..35,
                            elts: [
                                NumberLiteral(
                                    ExprNumberLiteral {
                                        range: 27..28,
                                        value: Int(
                                            1,
                                        ),
                                    },
                                ),
                                NumberLiteral(
                                    ExprNumberLiteral {
                                        range: 30..31,
                                        value: Int(
                                            2,
                                        ),
                                    },
                                ),
                                NumberLiteral(
                                    ExprNumberLiteral {
                                        range: 33..34,
                                        value: Int(
                                            3,
                                        ),
                                    },
                                ),
                            ],
                        },
                    ),
                },
            ),
            Expr(
                StmtExpr {
                    range: 36..46,
                    value: Set(
                        ExprSet {
                            range: 36..46,
                            elts: [
                                NumberLiteral(
                                    ExprNumberLiteral {
                                        range: 37..38,
                                        value: Int(
                                            1,
                                        ),
                                    },
                                ),
                                NumberLiteral(
                                    ExprNumberLiteral {
                                        range: 40..41,
                                        value: Int(
                                            2,
                                        ),
                                    },
                                ),
                                NumberLiteral(
                                    ExprNumberLiteral {
                                        range: 43..44,
                                        value: Int(
                                            3,
                                        ),
                                    },
                                ),
                            ],
                        },
                    ),
                },
            ),
            Expr(
                StmtExpr {
                    range: 74..77,
                    value: Dict(
                        ExprDict {
                            range: 74..77,
                            keys: [],
                            values: [],
                        },
                    ),
                },
            ),
            Expr(
                StmtExpr {
                    range: 78..91,
                    value: Set(
                        ExprSet {
                            range: 78..91,
                            elts: [
                                NumberLiteral(
                                    ExprNumberLiteral {
                                        range: 88..89,
                                        value: Int(
                                            1,
                                        ),
                                    },
                                ),
                            ],
                        },
                    ),
                },
            ),
            Expr(
                StmtExpr {
                    range: 92..113,
                    value: Set(
                        ExprSet {
                            range: 92..113,
                            elts: [
                                NumberLiteral(
                                    ExprNumberLiteral {
                                        range: 98..99,
                                        value: Int(
                                            1,
                                        ),
                                    },
                                ),
                                NumberLiteral(
                                    ExprNumberLiteral {
                                        range: 109..110,
                                        value: Int(
                                            2,
                                        ),
                                    },
                                ),
                            ],
                        },
                    ),
                },
            ),
            Expr(
                StmtExpr {
                    range: 124..129,
                    value: Set(
                        ExprSet {
                            range: 124..129,
                            elts: [
                                Set(
                                    ExprSet {
                                        range: 125..128,
                                        elts: [
                                            NumberLiteral(
                                                ExprNumberLiteral {
                                                    range: 126..127,
                                                    value: Int(
                                                        1,
                                                    ),
                                                },
                                            ),
                                        ],
                                    },
                                ),
                            ],
                        },
                    ),
                },
            ),
            Expr(
                StmtExpr {
                    range: 130..146,
                    value: Set(
                        ExprSet {
                            range: 130..146,
                            elts: [
                                Set(
                                    ExprSet {
                                        range: 131..137,
                                        elts: [
                                            NumberLiteral(
                                                ExprNumberLiteral {
                                                    range: 132..133,
                                                    value: Int(
                                                        1,
                                                    ),
                                                },
                                            ),
                                            NumberLiteral(
                                                ExprNumberLiteral {
                                                    range: 135..136,
                                                    value: Int(
                                                        2,
                                                    ),
                                                },
                                            ),
                                        ],
                                    },
                                ),
                                Set(
                                    ExprSet {
                                        range: 139..145,
                                        elts: [
                                            NumberLiteral(
                                                ExprNumberLiteral {
                                                    range: 140..141,
                                                    value: Int(
                                                        3,
                                                    ),
                                                },
                                            ),
                                            NumberLiteral(
                                                ExprNumberLiteral {
                                                    range: 143..144,
                                                    value: Int(
                                                        4,
                                                    ),
                                                },
                                            ),
                                        ],
                                    },
                                ),
                            ],
                        },
                    ),
                },
            ),
            Expr(
                StmtExpr {
                    range: 167..175,
                    value: Set(
                        ExprSet {
                            range: 167..175,
                            elts: [
                                Named(
                                    ExprNamed {
                                        range: 168..174,
                                        target: Name(
                                            ExprName {
                                                range: 168..169,
                                                id: "x",
                                                ctx: Store,
                                            },
                                        ),
                                        value: NumberLiteral(
                                            ExprNumberLiteral {
                                                range: 173..174,
                                                value: Int(
                                                    2,
                                                ),
                                            },
                                        ),
                                    },
                                ),
                            ],
                        },
                    ),
                },
            ),
            Expr(
                StmtExpr {
                    range: 176..190,
                    value: Set(
                        ExprSet {
                            range: 176..190,
                            elts: [
                                NumberLiteral(
                                    ExprNumberLiteral {
                                        range: 177..178,
                                        value: Int(
                                            1,
                                        ),
                                    },
                                ),
                                Named(
                                    ExprNamed {
                                        range: 180..186,
                                        target: Name(
                                            ExprName {
                                                range: 180..181,
                                                id: "x",
                                                ctx: Store,
                                            },
                                        ),
                                        value: NumberLiteral(
                                            ExprNumberLiteral {
                                                range: 185..186,
                                                value: Int(
                                                    2,
                                                ),
                                            },
                                        ),
                                    },
                                ),
                                NumberLiteral(
                                    ExprNumberLiteral {
                                        range: 188..189,
                                        value: Int(
                                            3,
                                        ),
                                    },
                                ),
                            ],
                        },
                    ),
                },
            ),
            Expr(
                StmtExpr {
                    range: 191..205,
                    value: Set(
                        ExprSet {
                            range: 191..205,
                            elts: [
                                NumberLiteral(
                                    ExprNumberLiteral {
                                        range: 192..193,
                                        value: Int(
                                            1,
                                        ),
                                    },
                                ),
                                Named(
                                    ExprNamed {
                                        range: 196..202,
                                        target: Name(
                                            ExprName {
                                                range: 196..197,
                                                id: "x",
                                                ctx: Store,
                                            },
                                        ),
                                        value: NumberLiteral(
                                            ExprNumberLiteral {
                                                range: 201..202,
                                                value: Int(
                                                    2,
                                                ),
                                            },
                                        ),
                                    },
                                ),
                            ],
                        },
                    ),
                },
            ),
            Expr(
                StmtExpr {
                    range: 228..267,
                    value: Set(
                        ExprSet {
                            range: 228..267,
                            elts: [
                                BinOp(
                                    ExprBinOp {
                                        range: 229..234,
                                        left: NumberLiteral(
                                            ExprNumberLiteral {
                                                range: 229..230,
                                                value: Int(
                                                    1,
                                                ),
                                            },
                                        ),
                                        op: Add,
                                        right: NumberLiteral(
                                            ExprNumberLiteral {
                                                range: 233..234,
                                                value: Int(
                                                    2,
                                                ),
                                            },
                                        ),
                                    },
                                ),
                                Tuple(
                                    ExprTuple {
                                        range: 236..242,
                                        elts: [
                                            Name(
                                                ExprName {
                                                    range: 237..238,
                                                    id: "a",
                                                    ctx: Load,
                                                },
                                            ),
                                            Name(
                                                ExprName {
                                                    range: 240..241,
                                                    id: "b",
                                                    ctx: Load,
                                                },
                                            ),
                                        ],
                                        ctx: Load,
                                        parenthesized: true,
                                    },
                                ),
                                Set(
                                    ExprSet {
                                        range: 244..253,
                                        elts: [
                                            NumberLiteral(
                                                ExprNumberLiteral {
                                                    range: 245..246,
                                                    value: Int(
                                                        1,
                                                    ),
                                                },
                                            ),
                                            NumberLiteral(
                                                ExprNumberLiteral {
                                                    range: 248..249,
                                                    value: Int(
                                                        2,
                                                    ),
                                                },
                                            ),
                                            NumberLiteral(
                                                ExprNumberLiteral {
                                                    range: 251..252,
                                                    value: Int(
                                                        3,
                                                    ),
                                                },
                                            ),
                                        ],
                                    },
                                ),
                                Dict(
                                    ExprDict {
                                        range: 255..266,
                                        keys: [
                                            Some(
                                                Name(
                                                    ExprName {
                                                        range: 256..257,
                                                        id: "a",
                                                        ctx: Load,
                                                    },
                                                ),
                                            ),
                                            None,
                                        ],
                                        values: [
                                            Name(
                                                ExprName {
                                                    range: 259..260,
                                                    id: "b",
                                                    ctx: Load,
                                                },
                                            ),
                                            Name(
                                                ExprName {
                                                    range: 264..265,
                                                    id: "d",
                                                    ctx: Load,
                                                },
                                            ),
                                        ],
                                    },
                                ),
                            ],
                        },
                    ),
                },
            ),
        ],
    },
)
```
