---
source: crates/ruff_python_parser/tests/fixtures.rs
input_file: crates/ruff_python_parser/resources/valid/expressions/list.py
---
## AST

```
Module(
    ModModule {
        range: 0..343,
        body: [
            Expr(
                StmtExpr {
                    range: 15..17,
                    value: List(
                        ExprList {
                            range: 15..17,
                            elts: [],
                            ctx: Load,
                        },
                    ),
                },
            ),
            Expr(
                StmtExpr {
                    range: 18..21,
                    value: List(
                        ExprList {
                            range: 18..21,
                            elts: [
                                NumberLiteral(
                                    ExprNumberLiteral {
                                        range: 19..20,
                                        value: Int(
                                            1,
                                        ),
                                    },
                                ),
                            ],
                            ctx: Load,
                        },
                    ),
                },
            ),
            Expr(
                StmtExpr {
                    range: 22..26,
                    value: List(
                        ExprList {
                            range: 22..26,
                            elts: [
                                NumberLiteral(
                                    ExprNumberLiteral {
                                        range: 23..24,
                                        value: Int(
                                            1,
                                        ),
                                    },
                                ),
                            ],
                            ctx: Load,
                        },
                    ),
                },
            ),
            Expr(
                StmtExpr {
                    range: 27..36,
                    value: List(
                        ExprList {
                            range: 27..36,
                            elts: [
                                NumberLiteral(
                                    ExprNumberLiteral {
                                        range: 28..29,
                                        value: Int(
                                            1,
                                        ),
                                    },
                                ),
                                NumberLiteral(
                                    ExprNumberLiteral {
                                        range: 31..32,
                                        value: Int(
                                            2,
                                        ),
                                    },
                                ),
                                NumberLiteral(
                                    ExprNumberLiteral {
                                        range: 34..35,
                                        value: Int(
                                            3,
                                        ),
                                    },
                                ),
                            ],
                            ctx: Load,
                        },
                    ),
                },
            ),
            Expr(
                StmtExpr {
                    range: 37..47,
                    value: List(
                        ExprList {
                            range: 37..47,
                            elts: [
                                NumberLiteral(
                                    ExprNumberLiteral {
                                        range: 38..39,
                                        value: Int(
                                            1,
                                        ),
                                    },
                                ),
                                NumberLiteral(
                                    ExprNumberLiteral {
                                        range: 41..42,
                                        value: Int(
                                            2,
                                        ),
                                    },
                                ),
                                NumberLiteral(
                                    ExprNumberLiteral {
                                        range: 44..45,
                                        value: Int(
                                            3,
                                        ),
                                    },
                                ),
                            ],
                            ctx: Load,
                        },
                    ),
                },
            ),
            Expr(
                StmtExpr {
                    range: 75..78,
                    value: List(
                        ExprList {
                            range: 75..78,
                            elts: [],
                            ctx: Load,
                        },
                    ),
                },
            ),
            Expr(
                StmtExpr {
                    range: 79..92,
                    value: List(
                        ExprList {
                            range: 79..92,
                            elts: [
                                NumberLiteral(
                                    ExprNumberLiteral {
                                        range: 89..90,
                                        value: Int(
                                            1,
                                        ),
                                    },
                                ),
                            ],
                            ctx: Load,
                        },
                    ),
                },
            ),
            Expr(
                StmtExpr {
                    range: 93..114,
                    value: List(
                        ExprList {
                            range: 93..114,
                            elts: [
                                NumberLiteral(
                                    ExprNumberLiteral {
                                        range: 99..100,
                                        value: Int(
                                            1,
                                        ),
                                    },
                                ),
                                NumberLiteral(
                                    ExprNumberLiteral {
                                        range: 110..111,
                                        value: Int(
                                            2,
                                        ),
                                    },
                                ),
                            ],
                            ctx: Load,
                        },
                    ),
                },
            ),
            Expr(
                StmtExpr {
                    range: 125..132,
                    value: List(
                        ExprList {
                            range: 125..132,
                            elts: [
                                List(
                                    ExprList {
                                        range: 126..131,
                                        elts: [
                                            List(
                                                ExprList {
                                                    range: 127..130,
                                                    elts: [
                                                        NumberLiteral(
                                                            ExprNumberLiteral {
                                                                range: 128..129,
                                                                value: Int(
                                                                    1,
                                                                ),
                                                            },
                                                        ),
                                                    ],
                                                    ctx: Load,
                                                },
                                            ),
                                        ],
                                        ctx: Load,
                                    },
                                ),
                            ],
                            ctx: Load,
                        },
                    ),
                },
            ),
            Expr(
                StmtExpr {
                    range: 133..149,
                    value: List(
                        ExprList {
                            range: 133..149,
                            elts: [
                                List(
                                    ExprList {
                                        range: 134..140,
                                        elts: [
                                            NumberLiteral(
                                                ExprNumberLiteral {
                                                    range: 135..136,
                                                    value: Int(
                                                        1,
                                                    ),
                                                },
                                            ),
                                            NumberLiteral(
                                                ExprNumberLiteral {
                                                    range: 138..139,
                                                    value: Int(
                                                        2,
                                                    ),
                                                },
                                            ),
                                        ],
                                        ctx: Load,
                                    },
                                ),
                                List(
                                    ExprList {
                                        range: 142..148,
                                        elts: [
                                            NumberLiteral(
                                                ExprNumberLiteral {
                                                    range: 143..144,
                                                    value: Int(
                                                        3,
                                                    ),
                                                },
                                            ),
                                            NumberLiteral(
                                                ExprNumberLiteral {
                                                    range: 146..147,
                                                    value: Int(
                                                        4,
                                                    ),
                                                },
                                            ),
                                        ],
                                        ctx: Load,
                                    },
                                ),
                            ],
                            ctx: Load,
                        },
                    ),
                },
            ),
            Expr(
                StmtExpr {
                    range: 170..178,
                    value: List(
                        ExprList {
                            range: 170..178,
                            elts: [
                                Named(
                                    ExprNamed {
                                        range: 171..177,
                                        target: Name(
                                            ExprName {
                                                range: 171..172,
                                                id: "x",
                                                ctx: Store,
                                            },
                                        ),
                                        value: NumberLiteral(
                                            ExprNumberLiteral {
                                                range: 176..177,
                                                value: Int(
                                                    2,
                                                ),
                                            },
                                        ),
                                    },
                                ),
                            ],
                            ctx: Load,
                        },
                    ),
                },
            ),
            Expr(
                StmtExpr {
                    range: 179..193,
                    value: List(
                        ExprList {
                            range: 179..193,
                            elts: [
                                NumberLiteral(
                                    ExprNumberLiteral {
                                        range: 180..181,
                                        value: Int(
                                            1,
                                        ),
                                    },
                                ),
                                Named(
                                    ExprNamed {
                                        range: 183..189,
                                        target: Name(
                                            ExprName {
                                                range: 183..184,
                                                id: "x",
                                                ctx: Store,
                                            },
                                        ),
                                        value: NumberLiteral(
                                            ExprNumberLiteral {
                                                range: 188..189,
                                                value: Int(
                                                    2,
                                                ),
                                            },
                                        ),
                                    },
                                ),
                                NumberLiteral(
                                    ExprNumberLiteral {
                                        range: 191..192,
                                        value: Int(
                                            3,
                                        ),
                                    },
                                ),
                            ],
                            ctx: Load,
                        },
                    ),
                },
            ),
            Expr(
                StmtExpr {
                    range: 194..208,
                    value: List(
                        ExprList {
                            range: 194..208,
                            elts: [
                                NumberLiteral(
                                    ExprNumberLiteral {
                                        range: 195..196,
                                        value: Int(
                                            1,
                                        ),
                                    },
                                ),
                                Named(
                                    ExprNamed {
                                        range: 199..205,
                                        target: Name(
                                            ExprName {
                                                range: 199..200,
                                                id: "x",
                                                ctx: Store,
                                            },
                                        ),
                                        value: NumberLiteral(
                                            ExprNumberLiteral {
                                                range: 204..205,
                                                value: Int(
                                                    2,
                                                ),
                                            },
                                        ),
                                    },
                                ),
                            ],
                            ctx: Load,
                        },
                    ),
                },
            ),
            Expr(
                StmtExpr {
                    range: 231..294,
                    value: List(
                        ExprList {
                            range: 231..294,
                            elts: [
                                BinOp(
                                    ExprBinOp {
                                        range: 232..237,
                                        left: NumberLiteral(
                                            ExprNumberLiteral {
                                                range: 232..233,
                                                value: Int(
                                                    1,
                                                ),
                                            },
                                        ),
                                        op: Add,
                                        right: NumberLiteral(
                                            ExprNumberLiteral {
                                                range: 236..237,
                                                value: Int(
                                                    2,
                                                ),
                                            },
                                        ),
                                    },
                                ),
                                List(
                                    ExprList {
                                        range: 239..251,
                                        elts: [
                                            NumberLiteral(
                                                ExprNumberLiteral {
                                                    range: 240..241,
                                                    value: Int(
                                                        1,
                                                    ),
                                                },
                                            ),
                                            NumberLiteral(
                                                ExprNumberLiteral {
                                                    range: 243..244,
                                                    value: Int(
                                                        2,
                                                    ),
                                                },
                                            ),
                                            NumberLiteral(
                                                ExprNumberLiteral {
                                                    range: 246..247,
                                                    value: Int(
                                                        3,
                                                    ),
                                                },
                                            ),
                                            NumberLiteral(
                                                ExprNumberLiteral {
                                                    range: 249..250,
                                                    value: Int(
                                                        4,
                                                    ),
                                                },
                                            ),
                                        ],
                                        ctx: Load,
                                    },
                                ),
                                Tuple(
                                    ExprTuple {
                                        range: 253..266,
                                        elts: [
                                            Name(
                                                ExprName {
                                                    range: 254..255,
                                                    id: "a",
                                                    ctx: Load,
                                                },
                                            ),
                                            BinOp(
                                                ExprBinOp {
                                                    range: 257..262,
                                                    left: Name(
                                                        ExprName {
                                                            range: 257..258,
                                                            id: "b",
                                                            ctx: Load,
                                                        },
                                                    ),
                                                    op: Add,
                                                    right: Name(
                                                        ExprName {
                                                            range: 261..262,
                                                            id: "c",
                                                            ctx: Load,
                                                        },
                                                    ),
                                                },
                                            ),
                                            Name(
                                                ExprName {
                                                    range: 264..265,
                                                    id: "d",
                                                    ctx: Load,
                                                },
                                            ),
                                        ],
                                        ctx: Load,
                                        parenthesized: true,
                                    },
                                ),
                                Set(
                                    ExprSet {
                                        range: 268..277,
                                        elts: [
                                            Name(
                                                ExprName {
                                                    range: 269..270,
                                                    id: "a",
                                                    ctx: Load,
                                                },
                                            ),
                                            Name(
                                                ExprName {
                                                    range: 272..273,
                                                    id: "b",
                                                    ctx: Load,
                                                },
                                            ),
                                            Name(
                                                ExprName {
                                                    range: 275..276,
                                                    id: "c",
                                                    ctx: Load,
                                                },
                                            ),
                                        ],
                                    },
                                ),
                                Dict(
                                    ExprDict {
                                        range: 279..285,
                                        keys: [
                                            Some(
                                                Name(
                                                    ExprName {
                                                        range: 280..281,
                                                        id: "a",
                                                        ctx: Load,
                                                    },
                                                ),
                                            ),
                                        ],
                                        values: [
                                            NumberLiteral(
                                                ExprNumberLiteral {
                                                    range: 283..284,
                                                    value: Int(
                                                        1,
                                                    ),
                                                },
                                            ),
                                        ],
                                    },
                                ),
                                Named(
                                    ExprNamed {
                                        range: 287..293,
                                        target: Name(
                                            ExprName {
                                                range: 287..288,
                                                id: "x",
                                                ctx: Store,
                                            },
                                        ),
                                        value: NumberLiteral(
                                            ExprNumberLiteral {
                                                range: 292..293,
                                                value: Int(
                                                    2,
                                                ),
                                            },
                                        ),
                                    },
                                ),
                            ],
                            ctx: Load,
                        },
                    ),
                },
            ),
            Expr(
                StmtExpr {
                    range: 295..343,
                    value: List(
                        ExprList {
                            range: 295..343,
                            elts: [
                                Call(
                                    ExprCall {
                                        range: 296..342,
                                        func: Name(
                                            ExprName {
                                                range: 296..301,
                                                id: "call1",
                                                ctx: Load,
                                            },
                                        ),
                                        arguments: Arguments {
                                            range: 301..342,
                                            args: [
                                                Generator(
                                                    ExprGenerator {
                                                        range: 302..341,
                                                        elt: Call(
                                                            ExprCall {
                                                                range: 302..321,
                                                                func: Name(
                                                                    ExprName {
                                                                        range: 302..307,
                                                                        id: "call2",
                                                                        ctx: Load,
                                                                    },
                                                                ),
                                                                arguments: Arguments {
                                                                    range: 307..321,
                                                                    args: [
                                                                        Call(
                                                                            ExprCall {
                                                                                range: 308..320,
                                                                                func: Attribute(
                                                                                    ExprAttribute {
                                                                                        range: 308..318,
                                                                                        value: Name(
                                                                                            ExprName {
                                                                                                range: 308..313,
                                                                                                id: "value",
                                                                                                ctx: Load,
                                                                                            },
                                                                                        ),
                                                                                        attr: Identifier {
                                                                                            id: "attr",
                                                                                            range: 314..318,
                                                                                        },
                                                                                        ctx: Load,
                                                                                    },
                                                                                ),
                                                                                arguments: Arguments {
                                                                                    range: 318..320,
                                                                                    args: [],
                                                                                    keywords: [],
                                                                                },
                                                                            },
                                                                        ),
                                                                    ],
                                                                    keywords: [],
                                                                },
                                                            },
                                                        ),
                                                        generators: [
                                                            Comprehension {
                                                                range: 322..341,
                                                                target: Name(
                                                                    ExprName {
                                                                        range: 326..333,
                                                                        id: "element",
                                                                        ctx: Store,
                                                                    },
                                                                ),
                                                                iter: Name(
                                                                    ExprName {
                                                                        range: 337..341,
                                                                        id: "iter",
                                                                        ctx: Load,
                                                                    },
                                                                ),
                                                                ifs: [],
                                                                is_async: false,
                                                            },
                                                        ],
                                                        parenthesized: false,
                                                    },
                                                ),
                                            ],
                                            keywords: [],
                                        },
                                    },
                                ),
                            ],
                            ctx: Load,
                        },
                    ),
                },
            ),
        ],
    },
)
```
