---
source: crates/ruff_python_parser/tests/fixtures.rs
input_file: crates/ruff_python_parser/resources/valid/expressions/list.py
---
## AST

```
Module(
    ModModule {
        range: 0..328,
        body: [
            Expr(
                StmtExpr {
                    range: 15..17,
                    value: List(
                        ExprList {
                            range: 15..17,
                            elts: [],
                            ctx: Load,
                        },
                    ),
                },
            ),
            Expr(
                StmtExpr {
                    range: 18..21,
                    value: List(
                        ExprList {
                            range: 18..21,
                            elts: [
                                NumberLiteral(
                                    ExprNumberLiteral {
                                        range: 19..20,
                                        value: Int(
                                            1,
                                        ),
                                    },
                                ),
                            ],
                            ctx: Load,
                        },
                    ),
                },
            ),
            Expr(
                StmtExpr {
                    range: 22..26,
                    value: List(
                        ExprList {
                            range: 22..26,
                            elts: [
                                NumberLiteral(
                                    ExprNumberLiteral {
                                        range: 23..24,
                                        value: Int(
                                            1,
                                        ),
                                    },
                                ),
                            ],
                            ctx: Load,
                        },
                    ),
                },
            ),
            Expr(
                StmtExpr {
                    range: 27..36,
                    value: List(
                        ExprList {
                            range: 27..36,
                            elts: [
                                NumberLiteral(
                                    ExprNumberLiteral {
                                        range: 28..29,
                                        value: Int(
                                            1,
                                        ),
                                    },
                                ),
                                NumberLiteral(
                                    ExprNumberLiteral {
                                        range: 31..32,
                                        value: Int(
                                            2,
                                        ),
                                    },
                                ),
                                NumberLiteral(
                                    ExprNumberLiteral {
                                        range: 34..35,
                                        value: Int(
                                            3,
                                        ),
                                    },
                                ),
                            ],
                            ctx: Load,
                        },
                    ),
                },
            ),
            Expr(
                StmtExpr {
                    range: 37..47,
                    value: List(
                        ExprList {
                            range: 37..47,
                            elts: [
                                NumberLiteral(
                                    ExprNumberLiteral {
                                        range: 38..39,
                                        value: Int(
                                            1,
                                        ),
                                    },
                                ),
                                NumberLiteral(
                                    ExprNumberLiteral {
                                        range: 41..42,
                                        value: Int(
                                            2,
                                        ),
                                    },
                                ),
                                NumberLiteral(
                                    ExprNumberLiteral {
                                        range: 44..45,
                                        value: Int(
                                            3,
                                        ),
                                    },
                                ),
                            ],
                            ctx: Load,
                        },
                    ),
                },
            ),
            Expr(
                StmtExpr {
                    range: 75..78,
                    value: List(
                        ExprList {
                            range: 75..78,
                            elts: [],
                            ctx: Load,
                        },
                    ),
                },
            ),
            Expr(
                StmtExpr {
                    range: 79..92,
                    value: List(
                        ExprList {
                            range: 79..92,
                            elts: [
                                NumberLiteral(
                                    ExprNumberLiteral {
                                        range: 89..90,
                                        value: Int(
                                            1,
                                        ),
                                    },
                                ),
                            ],
                            ctx: Load,
                        },
                    ),
                },
            ),
            Expr(
                StmtExpr {
                    range: 93..114,
                    value: List(
                        ExprList {
                            range: 93..114,
                            elts: [
                                NumberLiteral(
                                    ExprNumberLiteral {
                                        range: 99..100,
                                        value: Int(
                                            1,
                                        ),
                                    },
                                ),
                                NumberLiteral(
                                    ExprNumberLiteral {
                                        range: 110..111,
                                        value: Int(
                                            2,
                                        ),
                                    },
                                ),
                            ],
                            ctx: Load,
                        },
                    ),
                },
            ),
            Expr(
                StmtExpr {
                    range: 125..132,
                    value: List(
                        ExprList {
                            range: 125..132,
                            elts: [
                                List(
                                    ExprList {
                                        range: 126..131,
                                        elts: [
                                            List(
                                                ExprList {
                                                    range: 127..130,
                                                    elts: [
                                                        NumberLiteral(
                                                            ExprNumberLiteral {
                                                                range: 128..129,
                                                                value: Int(
                                                                    1,
                                                                ),
                                                            },
                                                        ),
                                                    ],
                                                    ctx: Load,
                                                },
                                            ),
                                        ],
                                        ctx: Load,
                                    },
                                ),
                            ],
                            ctx: Load,
                        },
                    ),
                },
            ),
            Expr(
                StmtExpr {
                    range: 133..149,
                    value: List(
                        ExprList {
                            range: 133..149,
                            elts: [
                                List(
                                    ExprList {
                                        range: 134..140,
                                        elts: [
                                            NumberLiteral(
                                                ExprNumberLiteral {
                                                    range: 135..136,
                                                    value: Int(
                                                        1,
                                                    ),
                                                },
                                            ),
                                            NumberLiteral(
                                                ExprNumberLiteral {
                                                    range: 138..139,
                                                    value: Int(
                                                        2,
                                                    ),
                                                },
                                            ),
                                        ],
                                        ctx: Load,
                                    },
                                ),
                                List(
                                    ExprList {
                                        range: 142..148,
                                        elts: [
                                            NumberLiteral(
                                                ExprNumberLiteral {
                                                    range: 143..144,
                                                    value: Int(
                                                        3,
                                                    ),
                                                },
                                            ),
                                            NumberLiteral(
                                                ExprNumberLiteral {
                                                    range: 146..147,
                                                    value: Int(
                                                        4,
                                                    ),
                                                },
                                            ),
                                        ],
                                        ctx: Load,
                                    },
                                ),
                            ],
                            ctx: Load,
                        },
                    ),
                },
            ),
            Expr(
                StmtExpr {
                    range: 170..178,
                    value: List(
                        ExprList {
                            range: 170..178,
                            elts: [
                                Named(
                                    ExprNamed {
                                        range: 171..177,
                                        target: Name(
                                            ExprName {
                                                range: 171..172,
                                                id: "x",
                                                ctx: Store,
                                            },
                                        ),
                                        value: NumberLiteral(
                                            ExprNumberLiteral {
                                                range: 176..177,
                                                value: Int(
                                                    2,
                                                ),
                                            },
                                        ),
                                    },
                                ),
                            ],
                            ctx: Load,
                        },
                    ),
                },
            ),
            Expr(
                StmtExpr {
                    range: 179..193,
                    value: List(
                        ExprList {
                            range: 179..193,
                            elts: [
                                NumberLiteral(
                                    ExprNumberLiteral {
                                        range: 180..181,
                                        value: Int(
                                            1,
                                        ),
                                    },
                                ),
                                Named(
                                    ExprNamed {
                                        range: 183..189,
                                        target: Name(
                                            ExprName {
                                                range: 183..184,
                                                id: "x",
                                                ctx: Store,
                                            },
                                        ),
                                        value: NumberLiteral(
                                            ExprNumberLiteral {
                                                range: 188..189,
                                                value: Int(
                                                    2,
                                                ),
                                            },
                                        ),
                                    },
                                ),
                                NumberLiteral(
                                    ExprNumberLiteral {
                                        range: 191..192,
                                        value: Int(
                                            3,
                                        ),
                                    },
                                ),
                            ],
                            ctx: Load,
                        },
                    ),
                },
            ),
            Expr(
                StmtExpr {
                    range: 216..279,
                    value: List(
                        ExprList {
                            range: 216..279,
                            elts: [
                                BinOp(
                                    ExprBinOp {
                                        range: 217..222,
                                        left: NumberLiteral(
                                            ExprNumberLiteral {
                                                range: 217..218,
                                                value: Int(
                                                    1,
                                                ),
                                            },
                                        ),
                                        op: Add,
                                        right: NumberLiteral(
                                            ExprNumberLiteral {
                                                range: 221..222,
                                                value: Int(
                                                    2,
                                                ),
                                            },
                                        ),
                                    },
                                ),
                                List(
                                    ExprList {
                                        range: 224..236,
                                        elts: [
                                            NumberLiteral(
                                                ExprNumberLiteral {
                                                    range: 225..226,
                                                    value: Int(
                                                        1,
                                                    ),
                                                },
                                            ),
                                            NumberLiteral(
                                                ExprNumberLiteral {
                                                    range: 228..229,
                                                    value: Int(
                                                        2,
                                                    ),
                                                },
                                            ),
                                            NumberLiteral(
                                                ExprNumberLiteral {
                                                    range: 231..232,
                                                    value: Int(
                                                        3,
                                                    ),
                                                },
                                            ),
                                            NumberLiteral(
                                                ExprNumberLiteral {
                                                    range: 234..235,
                                                    value: Int(
                                                        4,
                                                    ),
                                                },
                                            ),
                                        ],
                                        ctx: Load,
                                    },
                                ),
                                Tuple(
                                    ExprTuple {
                                        range: 238..251,
                                        elts: [
                                            Name(
                                                ExprName {
                                                    range: 239..240,
                                                    id: "a",
                                                    ctx: Load,
                                                },
                                            ),
                                            BinOp(
                                                ExprBinOp {
                                                    range: 242..247,
                                                    left: Name(
                                                        ExprName {
                                                            range: 242..243,
                                                            id: "b",
                                                            ctx: Load,
                                                        },
                                                    ),
                                                    op: Add,
                                                    right: Name(
                                                        ExprName {
                                                            range: 246..247,
                                                            id: "c",
                                                            ctx: Load,
                                                        },
                                                    ),
                                                },
                                            ),
                                            Name(
                                                ExprName {
                                                    range: 249..250,
                                                    id: "d",
                                                    ctx: Load,
                                                },
                                            ),
                                        ],
                                        ctx: Load,
                                        parenthesized: true,
                                    },
                                ),
                                Set(
                                    ExprSet {
                                        range: 253..262,
                                        elts: [
                                            Name(
                                                ExprName {
                                                    range: 254..255,
                                                    id: "a",
                                                    ctx: Load,
                                                },
                                            ),
                                            Name(
                                                ExprName {
                                                    range: 257..258,
                                                    id: "b",
                                                    ctx: Load,
                                                },
                                            ),
                                            Name(
                                                ExprName {
                                                    range: 260..261,
                                                    id: "c",
                                                    ctx: Load,
                                                },
                                            ),
                                        ],
                                    },
                                ),
                                Dict(
                                    ExprDict {
                                        range: 264..270,
                                        keys: [
                                            Some(
                                                Name(
                                                    ExprName {
                                                        range: 265..266,
                                                        id: "a",
                                                        ctx: Load,
                                                    },
                                                ),
                                            ),
                                        ],
                                        values: [
                                            NumberLiteral(
                                                ExprNumberLiteral {
                                                    range: 268..269,
                                                    value: Int(
                                                        1,
                                                    ),
                                                },
                                            ),
                                        ],
                                    },
                                ),
                                Named(
                                    ExprNamed {
                                        range: 272..278,
                                        target: Name(
                                            ExprName {
                                                range: 272..273,
                                                id: "x",
                                                ctx: Store,
                                            },
                                        ),
                                        value: NumberLiteral(
                                            ExprNumberLiteral {
                                                range: 277..278,
                                                value: Int(
                                                    2,
                                                ),
                                            },
                                        ),
                                    },
                                ),
                            ],
                            ctx: Load,
                        },
                    ),
                },
            ),
            Expr(
                StmtExpr {
                    range: 280..328,
                    value: List(
                        ExprList {
                            range: 280..328,
                            elts: [
                                Call(
                                    ExprCall {
                                        range: 281..327,
                                        func: Name(
                                            ExprName {
                                                range: 281..286,
                                                id: "call1",
                                                ctx: Load,
                                            },
                                        ),
                                        arguments: Arguments {
                                            range: 286..327,
                                            args: [
                                                Generator(
                                                    ExprGenerator {
                                                        range: 287..326,
                                                        elt: Call(
                                                            ExprCall {
                                                                range: 287..306,
                                                                func: Name(
                                                                    ExprName {
                                                                        range: 287..292,
                                                                        id: "call2",
                                                                        ctx: Load,
                                                                    },
                                                                ),
                                                                arguments: Arguments {
                                                                    range: 292..306,
                                                                    args: [
                                                                        Call(
                                                                            ExprCall {
                                                                                range: 293..305,
                                                                                func: Attribute(
                                                                                    ExprAttribute {
                                                                                        range: 293..303,
                                                                                        value: Name(
                                                                                            ExprName {
                                                                                                range: 293..298,
                                                                                                id: "value",
                                                                                                ctx: Load,
                                                                                            },
                                                                                        ),
                                                                                        attr: Identifier {
                                                                                            id: "attr",
                                                                                            range: 299..303,
                                                                                        },
                                                                                        ctx: Load,
                                                                                    },
                                                                                ),
                                                                                arguments: Arguments {
                                                                                    range: 303..305,
                                                                                    args: [],
                                                                                    keywords: [],
                                                                                },
                                                                            },
                                                                        ),
                                                                    ],
                                                                    keywords: [],
                                                                },
                                                            },
                                                        ),
                                                        generators: [
                                                            Comprehension {
                                                                range: 307..326,
                                                                target: Name(
                                                                    ExprName {
                                                                        range: 311..318,
                                                                        id: "element",
                                                                        ctx: Store,
                                                                    },
                                                                ),
                                                                iter: Name(
                                                                    ExprName {
                                                                        range: 322..326,
                                                                        id: "iter",
                                                                        ctx: Load,
                                                                    },
                                                                ),
                                                                ifs: [],
                                                                is_async: false,
                                                            },
                                                        ],
                                                        parenthesized: false,
                                                    },
                                                ),
                                            ],
                                            keywords: [],
                                        },
                                    },
                                ),
                            ],
                            ctx: Load,
                        },
                    ),
                },
            ),
        ],
    },
)
```
